// Jest Snapshot v1, https://goo.gl/fbAQLP

exports[`App should map the snapshot with all the props passed in correctly 1`] = `
<main>
  <section>
    <nav>
      <div
        className="logo-lockup"
      >
        <img
          alt="logo"
          className="logo"
          src="https://image.flaticon.com/icons/svg/126/126508.svg"
        />
        <h1>
          TUNE-IN LATER
        </h1>
      </div>
      <div
        className="login-div"
      >
        <p
          className="error"
        >
          error
        </p>
        <NavLink
          className="nav-links"
          exact={true}
          onClick={[Function]}
          to="/my-collection"
        >
          Favorites
        </NavLink>
        <NavLink
          className="nav-links"
          exact={true}
          to="/"
        >
          Home
        </NavLink>
      </div>
    </nav>
    <article
      className="main-container"
    >
      <article
        className="search-form"
      >
        <div
          className="search-form-container"
        >
          <NavLink
            className="a-search"
            exact={true}
            to="/search"
          >
            Search Tunes
          </NavLink>
          <Route
            component={
              Object {
                "$$typeof": Symbol(react.memo),
                "WrappedComponent": [Function],
                "compare": null,
                "displayName": "Connect(Search)",
                "type": [Function],
              }
            }
            exact={true}
            path="/search"
          />
          <h3>
            Welcome 
            lola
          </h3>
        </div>
        <NavLink
          className="logout-link"
          exact={true}
          onClick={[MockFunction]}
          to="/"
        >
          LOGOUT
        </NavLink>
      </article>
      <section
        className="login-form-container"
      >
        <Route
          exact={true}
          path="/"
        />
        <Route
          component={
            Object {
              "$$typeof": Symbol(react.memo),
              "WrappedComponent": [Function],
              "compare": null,
              "displayName": "Connect(LoginForm)",
              "type": [Function],
            }
          }
          exact={true}
          path="/login"
        />
        <Route
          component={
            Object {
              "$$typeof": Symbol(react.memo),
              "WrappedComponent": [Function],
              "compare": null,
              "displayName": "Connect(SignUpForm)",
              "type": [Function],
            }
          }
          exact={true}
          path="/sign-up"
        />
        <div
          className="favorites-container"
        >
          <Route
            component={
              Object {
                "$$typeof": Symbol(react.memo),
                "WrappedComponent": [Function],
                "compare": null,
                "displayName": "Connect(FavoriteContainer)",
                "type": [Function],
              }
            }
            exact={true}
            path="/my-collection"
          />
          <Route
            component={
              Object {
                "$$typeof": Symbol(react.memo),
                "WrappedComponent": [Function],
                "compare": null,
                "displayName": "Connect(CardContainer)",
                "type": [Function],
              }
            }
            exact={true}
            path="/search"
          />
          <Route
            exact={true}
            path="/:id"
            render={[Function]}
          />
        </div>
      </section>
    </article>
  </section>
</main>
`;
