// Jest Snapshot v1, https://goo.gl/fbAQLP

exports[`Search should match snapshot 1`] = `
<div>
  <form
    className="search-form-inner"
  >
    <input
      className="search-input"
      onChange={[Function]}
      placeholder="Input Artist Name To Search"
      type="text"
      value=""
    />
    <Link
      to="/"
    >
      <button
        className="search-button"
        onClick={[Function]}
      >
        search
      </button>
    </Link>
  </form>
</div>
`;
