// Jest Snapshot v1, https://goo.gl/fbAQLP

exports[`Card should match snapshot 1`] = `
<div>
  <div
    className="images"
  >
    <img
      alt=""
      className="card__button-fav"
      onClick={[Function]}
      src="https://image.flaticon.com/icons/svg/148/148836.svg"
    />
  </div>
  <h2>
    EarthGang
  </h2>
  <img
    alt=""
    src="asdf"
  />
  <p>
    MirrorLand
  </p>
  <p>
    Rap
  </p>
</div>
`;
